"Sunset Canyon" by Andy Shauf will output Nathaniel Hawthorne's Twice Told Tales short story